// Jest Snapshot v1, https://goo.gl/fbAQLP

exports[`Nav component matches snapshot 1`] = `
<DocumentFragment>
  <header
    class="flex-row px-1"
    data-testid="header"
  >
    <h2>
      <a
        class="navbar-brand"
        href="/"
        id="brandName"
      >
        <span>
          <img
            alt=""
            height="70"
            id="karigor-logo"
            src="karigor-logo.PNG"
            width="110"
          />
        </span>
         
      </a>
    </h2>
    <a
      class="title-header"
    >
      <span>
        KARIGOR PRODUCTION
      </span>
    </a>
    <nav
      class="right-aligned"
    >
      <ul
        class="flex-row"
        id="nav-items"
      >
        <li
          class="mx-2"
        >
          <a
            href="#home"
          >
            Home
          </a>
        </li>
        <li
          class="mx-2"
        >
          <a
            href="#about"
          >
            About
          </a>
        </li>
        <li
          class="mx-2"
        >
          <a
            href="#contact"
          >
            Contact Us
          </a>
        </li>
        <li
          class="mx-2"
        >
          <a
            href="#events"
          >
            Events
          </a>
        </li>
        <li
          class="mx-1"
        >
          <span>
            Cultural
          </span>
        </li>
        <li
          class="mx-1"
        >
          <span>
            Children Section
          </span>
        </li>
        <li
          class="mx-1"
        >
          <span>
            Education
          </span>
        </li>
        <li
          class="mx-1"
        >
          <span>
            Social Activities
          </span>
        </li>
      </ul>
    </nav>
  </header>
</DocumentFragment>
`;
